/system_ext/apex/com.android.vndk.v30.apex 1-12996
/system_ext/apex/com.android.vndk.v31.apex 13011-18752
/system_ext/apex/com.transsion.kolun.apex 18759-18954
/system_ext/apex/com.transsion.mi.os.framework.apex 18955-19269
/system_ext/app/AIVoiceSettings/AIVoiceSettings.apk 19270-19874
/system_ext/app/AIVoiceSettings/oat/arm64/AIVoiceSettings.odex 19875-19878
/system_ext/app/AIVoiceSettings/oat/arm64/AIVoiceSettings.vdex 19879-19888
/system_ext/app/AfterSaleCalibrationTool/AfterSaleCalibrationTool.apk 19889-20082
/system_ext/app/AiGallery/AiGallery.apk 20084-28602
/system_ext/app/AiGallery/oat/arm64/AiGallery.odex 28609-28621
/system_ext/app/AiGallery/oat/arm64/AiGallery.vdex 28622-28664
/system_ext/app/BatteryLab/BatteryLab.apk 28665-29852
/system_ext/app/BatteryLab/oat/arm64/BatteryLab.odex 29854-29858
/system_ext/app/BatteryLab/oat/arm64/BatteryLab.vdex 29859-29873
/system_ext/app/BatteryWarning2/BatteryWarning2.apk 29874-30078
/system_ext/app/BatteryWarning2/oat/arm64/BatteryWarning2.odex 30079
/system_ext/app/CalibrationTool2/CalibrationTool2.apk 30080-30387
/system_ext/app/CalibrationTool2/oat/arm64/CalibrationTool2.odex 30389-30390
/system_ext/app/CalibrationTool2/oat/arm64/CalibrationTool2.vdex 30391-30394
/system_ext/app/ChildModeThub/ChildModeThub.apk 30395-33011
/system_ext/app/Ewarrantycard/Ewarrantycard.apk 33014-34229
/system_ext/app/FM_FunBase/FM_FunBase.apk 34231-34568
/system_ext/app/FaceID/FaceID.apk 34569-48902
/system_ext/app/FaceID/oat/arm64/FaceID.odex 48912-48918
/system_ext/app/FaceID/oat/arm64/FaceID.vdex 48919-48937
/system_ext/app/FontManager/FontManager.apk 48938-48942
/system_ext/app/HealthLife/HealthLife.apk 48943-60711
/system_ext/app/HealthLife/oat/arm64/HealthLife.odex 60720-60734
/system_ext/app/HealthLife/oat/arm64/HealthLife.vdex 60735-62496
/system_ext/app/HiLanguageService/HiLanguageService.apk 62499-66753
/system_ext/app/HiManager/HiManager.apk 66757-66784
/system_ext/app/HiManager/oat/arm64/HiManager.odex 66785
/system_ext/app/Hoffnung/Hoffnung.apk 66787-67756
/system_ext/app/Hoffnung/oat/arm64/Hoffnung.odex 67758-67763
/system_ext/app/Hoffnung/oat/arm64/Hoffnung.vdex 67764-67780
/system_ext/app/LetsSwitch/LetsSwitch.apk 67781-72501
/system_ext/app/MagazineService/MagazineService.apk 72505-74986
/system_ext/app/MagazineService/oat/arm64/MagazineService.odex 74989-75004
/system_ext/app/MagazineService/oat/arm64/MagazineService.vdex 75005-75054
/system_ext/app/MagicFont/MagicFont.apk 75055-76062
/system_ext/app/MagicFont/oat/arm64/MagicFont.odex 76064-76069
/system_ext/app/MagicFont/oat/arm64/MagicFont.vdex 76070-76086
/system_ext/app/ManualGuide/ManualGuide.apk 76087-76870
/system_ext/app/ManualGuide/oat/arm64/ManualGuide.odex 76872
/system_ext/app/MasterOfLanguage/MasterOfLanguage.apk 76873-85662
/system_ext/app/MicroIntelligence/MicroIntelligence.apk 85670-90501
/system_ext/app/NfcNci/NfcNci.apk 90505-92116
/system_ext/app/NfcNci/oat/arm64/NfcNci.odex 92119-92125
/system_ext/app/NfcNci/oat/arm64/NfcNci.vdex 92126-92144
/system_ext/app/OOBEv5/OOBEv5.apk 92145-94057
/system_ext/app/OSFileManager/OSFileManager.apk 94060-95799
/system_ext/app/OSSettingsExt/OSSettingsExt.apk 95802-101362
/system_ext/app/OS_questionnaire/OS_questionnaire.apk 101367-102118
/system_ext/app/PalmId/PalmId.apk 102119-104411
/system_ext/app/PhoneMaster/PhoneMaster.apk 104414-111676
/system_ext/app/SmartAssistant/SmartAssistant.apk 111683-123202
/system_ext/app/SmartPanel/SmartPanel.apk 123212-134341
/system_ext/app/SmartPanel/oat/arm64/SmartPanel.odex 134350-134371
/system_ext/app/SmartPanel/oat/arm64/SmartPanel.vdex 134372-134446
/system_ext/app/SmartScan/SmartScan.apk 134447-141197
/system_ext/app/SystemUpdate2.0/SystemUpdate2.0.apk 141203-141794
/system_ext/app/TRWallpaperPicker/TRWallpaperPicker.apk 141795-142323
/system_ext/app/TeeService/TeeService.apk 142324-142346
/system_ext/app/TranMultiWindow/TranMultiWindow.apk 142347-144188
/system_ext/app/TranSchedulePowerOnOffApk/TranSchedulePowerOnOffApk.apk 144191-145313
/system_ext/app/TranScreenshot/TranScreenshot.apk 145314-147110
/system_ext/app/TranSettingsIntelligence/TranSettingsIntelligence.apk 147113-147650
/system_ext/app/TranThunderback/TranThunderback.apk 147651-148564
/system_ext/app/TranssionCalculator/TranssionCalculator.apk 148565-150179
/system_ext/app/TranssionCamera/TranssionCamera.apk 150182-257552
/system_ext/app/TranssionCamera/lib/arm64/libc++_shared.so 257607-257720
/system_ext/app/TranssionCamera/oat/arm64/TranssionCamera.odex 257721-261692
/system_ext/app/TranssionCamera/oat/arm64/TranssionCamera.vdex 261697-261740
/system_ext/app/TranssionDeskClock/TranssionDeskClock.apk 261741-265158
/system_ext/app/TranssionDeskClock/oat/arm64/TranssionDeskClock.odex 265162-265170
/system_ext/app/TranssionDeskClock/oat/arm64/TranssionDeskClock.vdex 265171-265197
/system_ext/app/TranssionFMRadio/TranssionFMRadio.apk 265198-266471
/system_ext/app/TranssionNote/TranssionNote.apk 266474-267705
/system_ext/app/TranssionSoundRecorder/TranssionSoundRecorder.apk 267706-268826
/system_ext/app/Uxdetector/Uxdetector.apk 268828-269292
/system_ext/app/Uxdetector/oat/arm64/Uxdetector.odex 269293-269295
/system_ext/app/Uxdetector/oat/arm64/Uxdetector.vdex 269296-269301
/system_ext/app/VideoCallEnhancer/VideoCallEnhancer.apk 269302-271788
/system_ext/app/VideoCallEnhancer/oat/arm64/VideoCallEnhancer.odex 271791-271798
/system_ext/app/VideoCallEnhancer/oat/arm64/VideoCallEnhancer.vdex 271799-271822
/system_ext/app/WeZone/WeZone.apk 271823-284052
/system_ext/app/WeZone/oat/arm64/WeZone.odex 284060-284073
/system_ext/app/WeZone/oat/arm64/WeZone.vdex 284074-286230
/system_ext/app/Weather/Weather.apk 286233-290448
/system_ext/app/Weather/oat/arm64/Weather.odex 290452-290458
/system_ext/app/Weather/oat/arm64/Weather.vdex 290459-290480
/system_ext/app/WelinkService/WelinkService.apk 290481-301554
/system_ext/app/WelinkService/oat/arm64/WelinkService.odex 301562-301575
/system_ext/app/WelinkService/oat/arm64/WelinkService.vdex 301576-301622
/system_ext/app/XHide/XHide.apk 301623-303037
/system_ext/app/XHide/oat/arm64/XHide.odex 303040-303045
/system_ext/app/XHide/oat/arm64/XHide.vdex 303046-303063
/system_ext/app/XLauncher/XLauncher.apk 303064-308867
/system_ext/app/XLauncher/oat/arm64/XLauncher.odex 308873-308892
/system_ext/app/XLauncher/oat/arm64/XLauncher.vdex 308893-308962
/system_ext/bin/aee 308963-308965
/system_ext/bin/aee_aed 308966-309006
/system_ext/bin/aee_aed64 309007-309048
/system_ext/bin/aee_aed64_v2 309049-309095
/system_ext/bin/aee_core_forwarder 309096-309099
/system_ext/bin/aee_core_forwarder_v2 309100-309103
/system_ext/bin/aee_dumpstate 309104-309118
/system_ext/bin/aee_dumpstate_v2 309119-309135
/system_ext/bin/aee_v2 309136-309138
/system_ext/bin/aeedb 309139-309140
/system_ext/bin/aeedb_v2 309141-309142
/system_ext/bin/emdlogger 309143-309198
/system_ext/bin/mdlogger 309199-309218
/system_ext/bin/rtt 309219
/system_ext/bin/rtt_v2 309220
/system_ext/bin/trace 309221-309378
/system_ext/etc/audio_policy_configuration.xml 309379
/system_ext/etc/audio_policy_configuration_bluetooth_legacy_hal.xml 309380
/system_ext/etc/audio_policy_engine_default_stream_volumes.xml 309381
/system_ext/etc/audio_policy_engine_product_strategies.xml 309382
/system_ext/etc/audio_policy_engine_stream_volumes.xml 309383
/system_ext/etc/audio_policy_volumes.xml 309384
/system_ext/etc/default_volume_tables.xml 309385
/system_ext/etc/init/hw/init.aee.rc 309386
/system_ext/etc/init/hw/meta_init.system.rc 309387-309388
/system_ext/etc/init/hw/vendor_init_as_system.rc 309389
/system_ext/etc/permissions/com.android.systemui.xml 309392
/system_ext/etc/permissions/privapp-permissions-google-system-ext.xml 309396
/system_ext/etc/permissions/system-ext-permissions-mediatek.xml 309398
/system_ext/etc/profiles/app.sooper.prof 309401-309402
/system_ext/etc/profiles/cab.snapp.passenger.play.prof 309404-309405
/system_ext/etc/profiles/club.fromfactory.prof 309406-309407
/system_ext/etc/profiles/co.go.fynd.prof 309408-309409
/system_ext/etc/profiles/com.UCMobile.intl.prof 309412-309414
/system_ext/etc/profiles/com.abscbn.iwantNow.prof 309416
/system_ext/etc/profiles/com.alibaba.aliexpresshd.prof 309417-309420
/system_ext/etc/profiles/com.amanotes.beathopper.prof 309422
/system_ext/etc/profiles/com.antivirus.speed.cleaner.prof 309425-309426
/system_ext/etc/profiles/com.appsomniacs.da2.prof 309427
/system_ext/etc/profiles/com.bcp.bank.bcp.prof 309430
/system_ext/etc/profiles/com.billiards.city.pool.nation.club.prof 309432
/system_ext/etc/profiles/com.bitel.selfcare.prof 309433
/system_ext/etc/profiles/com.cam001.selfie.prof 309435-309437
/system_ext/etc/profiles/com.careem.acma.prof 309438-309440
/system_ext/etc/profiles/com.cheerfulinc.flipagram.prof 309442-309447
/system_ext/etc/profiles/com.combineinc.streetracing.driftthreeD.prof 309448
/system_ext/etc/profiles/com.commsource.beautyplus.prof 309449
/system_ext/etc/profiles/com.cricbuzz.android.prof 309451-309453
/system_ext/etc/profiles/com.custom.spillit.prof 309454
/system_ext/etc/profiles/com.differencetenderwhite.skirt.prof 309457
/system_ext/etc/profiles/com.droidhen.game.racingmoto.prof 309461
/system_ext/etc/profiles/com.duapps.recorder.prof 309463-309464
/system_ext/etc/profiles/com.ehawk.proxy.freevpn.prof 309466
/system_ext/etc/profiles/com.eyecon.global.prof 309468
/system_ext/etc/profiles/com.farming.tractor.realharvest.simulator.prof 309471
/system_ext/etc/profiles/com.fingersoft.hillclimb.prof 309475
/system_ext/etc/profiles/com.firsttouchgames.dls3.prof 309477
/system_ext/etc/profiles/com.flipkart.android.prof 309478-309480
/system_ext/etc/profiles/com.fordeal.android.prof 309482
/system_ext/etc/profiles/com.forshared.prof 309483-309485
/system_ext/etc/profiles/com.fosllevbv.prof 309486
/system_ext/etc/profiles/com.fsn.nykaa.prof 309487-309488
/system_ext/etc/profiles/com.funcamerastudio.videomaker.prof 309489-309490
/system_ext/etc/profiles/com.fungames.sniper3d.prof 309492
/system_ext/etc/profiles/com.gaana.prof 309493-309494
/system_ext/etc/profiles/com.google.android.apps.translate.prof 309498-309499
/system_ext/etc/profiles/com.grabtaxi.passenger.prof 309500-309504
/system_ext/etc/profiles/com.heavy.excavator.simulator.driveandtransport.prof 309505-309506
/system_ext/etc/profiles/com.hefe.pro.editor.prof 309507-309508
/system_ext/etc/profiles/com.imangi.templerun.prof 309510
/system_ext/etc/profiles/com.imhelo.prof 309511-309512
/system_ext/etc/profiles/com.imo.android.imoimbeta.prof 309514
/system_ext/etc/profiles/com.jabong.android.prof 309516-309518
/system_ext/etc/profiles/com.jollycorp.jollychic.prof 309521-309522
/system_ext/etc/profiles/com.khmercreator.khmermusicbox.prof 309523
/system_ext/etc/profiles/com.lazada.android.prof 309526-309529
/system_ext/etc/profiles/com.lbe.parallel.intl.prof 309530
/system_ext/etc/profiles/com.livescore.prof 309532-309533
/system_ext/etc/profiles/com.mastercarryheat.straw.prof 309535
/system_ext/etc/profiles/com.mcdonalds.app.prof 309536-309537
/system_ext/etc/profiles/com.microsoft.office.outlook.prof 309539-309542
/system_ext/etc/profiles/com.mobiusx.live4dresults.prof 309546
/system_ext/etc/profiles/com.mobstar.prof 309547
/system_ext/etc/profiles/com.moonfrog.ludo.club.prof 309548
/system_ext/etc/profiles/com.mxtech.videoplayer.ad.prof 309552
/system_ext/etc/profiles/com.myairtelapp.prof 309554-309557
/system_ext/etc/profiles/com.myntra.android.prof 309558-309560
/system_ext/etc/profiles/com.nazara.chhotabheemeggdrive.prof 309562
/system_ext/etc/profiles/com.oneapp.max.security.pro.prof 309564-309566
/system_ext/etc/profiles/com.opera.app.news.prof 309567
/system_ext/etc/profiles/com.opex.makemyvideostatus.prof 309568
/system_ext/etc/profiles/com.outfit7.mytalkingangelafree.prof 309569-309570
/system_ext/etc/profiles/com.oyo.consumer.prof 309572-309573
/system_ext/etc/profiles/com.picsart.studio.prof 309578-309580
/system_ext/etc/profiles/com.plato.android.prof 309581-309583
/system_ext/etc/profiles/com.portonics.mygp.prof 309584-309585
/system_ext/etc/profiles/com.quvideo.xiaoying.prof 309588-309593
/system_ext/etc/profiles/com.redefine.welike.prof 309595-309596
/system_ext/etc/profiles/com.rocket.cleaner.app.prof 309600
/system_ext/etc/profiles/com.rocket.tools.clean.antivirus.master.prof 309602-309603
/system_ext/etc/profiles/com.roidapp.photogrid.prof 309605
/system_ext/etc/profiles/com.roposo.android.prof 309606-309607
/system_ext/etc/profiles/com.sc.jumia.prof 309608
/system_ext/etc/profiles/com.shopee.ph.prof 309611-309614
/system_ext/etc/profiles/com.shopping.limeroad.prof 309616
/system_ext/etc/profiles/com.sky.funnyfruitsplash.prof 309619
/system_ext/etc/profiles/com.soundcloud.android.prof 309621-309625
/system_ext/etc/profiles/com.spilgames.ThrillRush1.prof 309626
/system_ext/etc/profiles/com.ss.android.ugc.boomlite.prof 309628-309630
/system_ext/etc/profiles/com.superking.parchisi.star.prof 309632
/system_ext/etc/profiles/com.swingman.game.prof 309634
/system_ext/etc/profiles/com.taxis99.prof 309636-309638
/system_ext/etc/profiles/com.techlogix.mobilinkcustomer.prof 309640
/system_ext/etc/profiles/com.teenpatti.hd.gold.prof 309641
/system_ext/etc/profiles/com.telenor.pakistan.mytelenor.prof 309642-309643
/system_ext/etc/profiles/com.tencent.ibg.joox.prof 309645-309647
/system_ext/etc/profiles/com.tencent.ig.prof 309649
/system_ext/etc/profiles/com.tencent.mm.prof 309651-309653
/system_ext/etc/profiles/com.ubercab.eats.prof 309656-309660
/system_ext/etc/profiles/com.ubercab.prof 309661-309665
/system_ext/etc/profiles/com.uc.browser.en.prof 309667
/system_ext/etc/profiles/com.uc.vmlite.prof 309668
/system_ext/etc/profiles/com.ufotosoft.justshot.prof 309670-309672
/system_ext/etc/profiles/com.viu.phone.prof 309673-309674
/system_ext/etc/profiles/com.viusasa.prof 309675
/system_ext/etc/profiles/com.vivashow.share.video.chat.prof 309676-309679
/system_ext/etc/profiles/com.waze.prof 309680
/system_ext/etc/profiles/com.whatdir.stickers.prof 309682-309683
/system_ext/etc/profiles/com.whatsapp.prof 309684
/system_ext/etc/profiles/com.whereismytrain.android.prof 309685
/system_ext/etc/profiles/com.xprodev.cutcam.prof 309687-309688
/system_ext/etc/profiles/com.yomobigroup.chat.prof 309690-309692
/system_ext/etc/profiles/com.youdao.hindict.prof 309693
/system_ext/etc/profiles/com.yy.hiyo.prof 309695-309696
/system_ext/etc/profiles/com.zenjoy.slideshow.prof 309698
/system_ext/etc/profiles/com.zzkko.prof 309700-309702
/system_ext/etc/profiles/default.prof 309704
/system_ext/etc/profiles/dk.danskebank.mobilepay.prof 309705-309706
/system_ext/etc/profiles/dk.e_nettet.mobilekey.everyone.prof 309707
/system_ext/etc/profiles/ee.mtakso.client.prof 309709-309711
/system_ext/etc/profiles/eu.livesport.FlashScore_com.prof 309713-309715
/system_ext/etc/profiles/hd.video.player.hd.videoplayer.prof 309718-309719
/system_ext/etc/profiles/iflix.play.prof 309720-309723
/system_ext/etc/profiles/im.thebot.messenger.prof 309724
/system_ext/etc/profiles/in.AajTak.headlines.prof 309725-309727
/system_ext/etc/profiles/in.mohalla.sharechat.prof 309729-309730
/system_ext/etc/profiles/in.startv.hotstar.prof 309731-309732
/system_ext/etc/profiles/io.teslatech.callbreak.prof 309733
/system_ext/etc/profiles/ir.divar.prof 309735
/system_ext/etc/profiles/jp.naver.line.android.prof 309737-309740
/system_ext/etc/profiles/mix.any.downloader.video.all.anyvideodownloader.hd.musicaly.prof 309742
/system_ext/etc/profiles/ng.jiji.app.prof 309743-309745
/system_ext/etc/profiles/org.hicham.salaat.prof 309747-309748
/system_ext/etc/profiles/pk.com.telenor.phoenix.prof 309750
/system_ext/etc/profiles/ru.ok.android.prof 309751-309752
/system_ext/etc/profiles/trendyol.com.prof 309755-309756
/system_ext/etc/profiles/video.downloader.videodownloader.prof 309759-309760
/system_ext/etc/profiles/vn.vtv.vtvgo.prof 309761
/system_ext/etc/selinux/mapping/30.0.cil 309764
/system_ext/etc/selinux/mapping/31.0.cil 309765
/system_ext/etc/selinux/mapping/33.0.cil 309766
/system_ext/etc/selinux/system_ext_file_contexts 309767
/system_ext/etc/selinux/system_ext_property_contexts 309768-309769
/system_ext/etc/selinux/system_ext_sepolicy.cil 309770-309784
/system_ext/etc/selinux/system_ext_service_contexts 309785
/system_ext/framework/gift-core.jar 309787
/system_ext/framework/oat/arm/gift-core.odex 309789
/system_ext/framework/oat/arm/transsion_pq_core.odex 309790
/system_ext/framework/oat/arm64/gift-core.odex 309791
/system_ext/framework/oat/arm64/transsion_pq_core.odex 309792
/system_ext/framework/transsion_pq_core.jar 309793-309795
/system_ext/lib/android.hardware.radio.config@1.1.so 309797-309812
/system_ext/lib/android.hardware.radio.config@1.2.so 309813-309824
/system_ext/lib/android.hardware.radio.config@1.3.so 309825-309837
/system_ext/lib/android.hardware.radio@1.5.so 309838-309932
/system_ext/lib/android.hardware.radio@1.6.so 309933-310043
/system_ext/lib/libTeeServiceJni.so 310044-310059
/system_ext/lib/libaed.so 310060-310076
/system_ext/lib/libapuwareapusys.mtk.so 310077-310080
/system_ext/lib/libapuwareapusys_v2.mtk.so 310081-310091
/system_ext/lib/libapuwarehmp.mtk.so 310092-310093
/system_ext/lib/libapuwareutils.mtk.so 310094
/system_ext/lib/libapuwareutils_v2.mtk.so 310095-310097
/system_ext/lib/libapuwarexrp.mtk.so 310098-310103
/system_ext/lib/libapuwarexrp_v2.mtk.so 310104-310110
/system_ext/lib/libarmnn_ndk.mtk.so 310111-311058
/system_ext/lib/libaudiocompensationfilter.so 311061
/system_ext/lib/libaudiotoolkit.so 311063-311064
/system_ext/lib/libcmdl_ndk.mtk.so 311065-311184
/system_ext/lib/libdrmmtkutil.so 311185-311188
/system_ext/lib/libdrmmtkwhitelist.so 311189-311190
/system_ext/lib/libmcv_runtime_usdk.mtk.so 311191-311608
/system_ext/lib/libmdloggerrecycle.so 311609-311612
/system_ext/lib/libmvpu_cic_ci_compiler.mtk.so 311613-311623
/system_ext/lib/libmvpu_clc_mvpu_debuginfo.mtk.so 311624-311629
/system_ext/lib/libmvpu_clc_mvpu_elf.mtk.so 311630-311642
/system_ext/lib/libmvpu_clc_mvpu_utility.mtk.so 311643-311656
/system_ext/lib/libmvpu_config.mtk.so 311657
/system_ext/lib/libmvpu_engine.mtk.so 311658-311726
/system_ext/lib/libmvpu_engine_pub.mtk.so 311727-311795
/system_ext/lib/libmvpu_pattern.mtk.so 311796-311867
/system_ext/lib/libmvpu_pattern_pub.mtk.so 311868-311939
/system_ext/lib/libmvpu_runtime.mtk.so 311940-312134
/system_ext/lib/libmvpu_runtime_builtin.mtk.so 312135-312139
/system_ext/lib/libmvpu_runtime_pub.mtk.so 312140-312334
/system_ext/lib/libmvpuop_mtk_cv.mtk.so 312335-314336
/system_ext/lib/libmvpuop_mtk_nn.mtk.so 314339-315435
/system_ext/lib/libneuron_graph_delegate.mtk.so 315438-315472
/system_ext/lib/libneuronusdk_adapter.mtk.so 315473-316490
/system_ext/lib/libnir_neon_driver_ndk.mtk.so 316492-317348
/system_ext/lib/libteeservice_client.trustonic.so 317349-317360
/system_ext/lib/libtflite_mtk.mtk.so 317361-318126
/system_ext/lib/vendor.mediatek.hardware.aee@1.0.so 318128-318134
/system_ext/lib/vendor.mediatek.hardware.aee@1.1.so 318135-318145
/system_ext/lib/vendor.mediatek.hardware.apuware.apusys@1.0.so 318146-318155
/system_ext/lib/vendor.mediatek.hardware.apuware.apusys@2.0.so 318156-318174
/system_ext/lib/vendor.mediatek.hardware.apuware.apusys@2.1.so 318175-318184
/system_ext/lib/vendor.mediatek.hardware.apuware.hmp@1.0.so 318185-318192
/system_ext/lib/vendor.mediatek.hardware.apuware.utils@1.0.so 318193-318200
/system_ext/lib/vendor.mediatek.hardware.apuware.utils@2.0.so 318201-318210
/system_ext/lib/vendor.mediatek.hardware.apuware.xrp@1.0.so 318211-318222
/system_ext/lib/vendor.mediatek.hardware.apuware.xrp@2.0.so 318223-318237
/system_ext/lib/vendor.mediatek.hardware.audio@7.1.so 318238-318255
/system_ext/lib/vendor.mediatek.hardware.audio@8.1.so 318256-318273
/system_ext/lib/vendor.mediatek.hardware.mtkpower@1.0.so 318274-318285
/system_ext/lib/vendor.mediatek.hardware.mtkpower@1.1.so 318286-318300
/system_ext/lib/vendor.mediatek.hardware.mtkpower@1.2.so 318301-318315
/system_ext/lib/vendor.mediatek.hardware.mtkradioex@3.0.so 318316-318538
/system_ext/lib/vendor.mediatek.hardware.touchll@1.0.so 318539-318545
/system_ext/lib/vendor.mediatek.hardware.videotelephony@1.0.so 318546-318553
/system_ext/lib64/android.hardware.nfc-V1-ndk.so 318555-318562
/system_ext/lib64/android.hardware.nfc@1.0.so 318563-318579
/system_ext/lib64/android.hardware.nfc@1.1.so 318580-318597
/system_ext/lib64/android.hardware.nfc@1.2.so 318598-318609
/system_ext/lib64/android.hardware.radio.config@1.1.so 318610-318628
/system_ext/lib64/android.hardware.radio.config@1.2.so 318629-318643
/system_ext/lib64/android.hardware.radio.config@1.3.so 318644-318659
/system_ext/lib64/android.hardware.radio@1.5.so 318660-318774
/system_ext/lib64/android.hardware.radio@1.6.so 318775-318908
/system_ext/lib64/libArcFilter.so 318909-320085
/system_ext/lib64/libCNamaSDK.so 320087-321599
/system_ext/lib64/libJCaliVeriTool.so 321602
/system_ext/lib64/libNvStreamingSdkCore.so 321603-322964
/system_ext/lib64/libProcessCore.so 322967-323021
/system_ext/lib64/libTeeServiceJni.so 323022-323040
/system_ext/lib64/libXDocProcessSDK.so 323041-323932
/system_ext/lib64/libYTCommon.so 323933-324036
/system_ext/lib64/libaed.so 324037-324056
/system_ext/lib64/libapuwareapusys.mtk.so 324057-324061
/system_ext/lib64/libapuwareapusys_v2.mtk.so 324062-324073
/system_ext/lib64/libapuwarehmp.mtk.so 324074-324076
/system_ext/lib64/libapuwareutils.mtk.so 324077-324078
/system_ext/lib64/libapuwareutils_v2.mtk.so 324079-324081
/system_ext/lib64/libapuwarexrp.mtk.so 324082-324087
/system_ext/lib64/libapuwarexrp_v2.mtk.so 324088-324095
/system_ext/lib64/libarcsoft_chart_free_calibration.so 324096-324126
/system_ext/lib64/libarcsoft_dualcam_wt_calibration.so 324127-324129
/system_ext/lib64/libarcsoft_dualcam_wt_verification.so 324130
/system_ext/lib64/libarcsoft_frc.so 324131-324728
/system_ext/lib64/libarmnn_ndk.mtk.so 324729-325792
/system_ext/lib64/libaudiocompensationfilter.so 325795-325796
/system_ext/lib64/libaudiotoolkit.so 325797-325798
/system_ext/lib64/libcalibverifyW_T.so 325799-326278
/system_ext/lib64/libcmdl_ndk.mtk.so 326279-326432
/system_ext/lib64/libcommon.so 326433-326449
/system_ext/lib64/libcomposer_ext.so 326450-326457
/system_ext/lib64/libcvface_api.so 326458-328132
/system_ext/lib64/libdrmmtkutil.so 328135-328138
/system_ext/lib64/libdrmmtkwhitelist.so 328139-328140
/system_ext/lib64/libeffect.so 328141-331707
/system_ext/lib64/libfuai.so 331712-333341
/system_ext/lib64/libiconv.so 333344-333534
/system_ext/lib64/libjni_calibration_as2.so 333535-333536
/system_ext/lib64/libjni_cvface_api.so 333537-333598
/system_ext/lib64/libjni_megviitools.so 333599-333600
/system_ext/lib64/libjniarcsoft_frc.so 333601-333602
/system_ext/lib64/libjnimovedetect.so 333603
/system_ext/lib64/libjnipanorama.so 333604-333605
/system_ext/lib64/libjnistblur_preview_api.so 333606-333607
/system_ext/lib64/libjniwideselfie.so 333608-333610
/system_ext/lib64/liblightdegrees.so 333611-334172
/system_ext/lib64/libmcv_runtime_usdk.mtk.so 334173-334734
/system_ext/lib64/libmdloggerrecycle.so 334735-334739
/system_ext/lib64/libmovedetect.so 334740-335362
/system_ext/lib64/libmvpu_cic_ci_compiler.mtk.so 335363-335376
/system_ext/lib64/libmvpu_clc_mvpu_debuginfo.mtk.so 335377-335384
/system_ext/lib64/libmvpu_clc_mvpu_elf.mtk.so 335385-335401
/system_ext/lib64/libmvpu_clc_mvpu_utility.mtk.so 335402-335419
/system_ext/lib64/libmvpu_config.mtk.so 335420
/system_ext/lib64/libmvpu_engine.mtk.so 335421-335469
/system_ext/lib64/libmvpu_engine_pub.mtk.so 335470-335518
/system_ext/lib64/libmvpu_pattern.mtk.so 335519-335606
/system_ext/lib64/libmvpu_pattern_pub.mtk.so 335607-335694
/system_ext/lib64/libmvpu_runtime.mtk.so 335695-335917
/system_ext/lib64/libmvpu_runtime_builtin.mtk.so 335918-335922
/system_ext/lib64/libmvpu_runtime_pub.mtk.so 335923-336144
/system_ext/lib64/libmvpuop_mtk_cv.mtk.so 336145-338215
/system_ext/lib64/libmvpuop_mtk_nn.mtk.so 338219-339356
/system_ext/lib64/libneuron_graph_delegate.mtk.so 339359-339401
/system_ext/lib64/libneuronusdk_adapter.mtk.so 339402-340518
/system_ext/lib64/libnfc-nci.so 340519-340645
/system_ext/lib64/libnfc_nci_jni.so 340646-340749
/system_ext/lib64/libnir_neon_driver_ndk.mtk.so 340750-341887
/system_ext/lib64/libpanorama.so 341890-342991
/system_ext/lib64/libpcap_bak.so 342992-343038
/system_ext/lib64/libpta_client_lite.so 343039-343796
/system_ext/lib64/libstblur_preview_api.so 343797-345970
/system_ext/lib64/libteeservice_client.trustonic.so 345973-345986
/system_ext/lib64/libtflite_mtk.mtk.so 345987-347064
/system_ext/lib64/libtranssion_cali_veri.so 347066-347067
/system_ext/lib64/libvskit-ffmpeg.so 347068-348448
/system_ext/lib64/libvskit-transcoder.so 348451-348483
/system_ext/lib64/libwa_calibrationtool2.so 348484-349831
/system_ext/lib64/libwa_calibrationtool_as2.so 349834-351148
/system_ext/lib64/libwideselfie.so 351151-351953
/system_ext/lib64/libyuvutil.so 351954-351984
/system_ext/lib64/libzbar.so 351985-352012
/system_ext/lib64/vendor.mediatek.hardware.aee@1.0.so 352013-352020
/system_ext/lib64/vendor.mediatek.hardware.aee@1.1.so 352021-352033
/system_ext/lib64/vendor.mediatek.hardware.apuware.apusys@1.0.so 352034-352045
/system_ext/lib64/vendor.mediatek.hardware.apuware.apusys@2.0.so 352046-352066
/system_ext/lib64/vendor.mediatek.hardware.apuware.apusys@2.1.so 352067-352078
/system_ext/lib64/vendor.mediatek.hardware.apuware.hmp@1.0.so 352079-352088
/system_ext/lib64/vendor.mediatek.hardware.apuware.utils@1.0.so 352089-352097
/system_ext/lib64/vendor.mediatek.hardware.apuware.utils@2.0.so 352098-352108
/system_ext/lib64/vendor.mediatek.hardware.apuware.xrp@1.0.so 352109-352121
/system_ext/lib64/vendor.mediatek.hardware.apuware.xrp@2.0.so 352122-352139
/system_ext/lib64/vendor.mediatek.hardware.audio@7.1.so 352140-352160
/system_ext/lib64/vendor.mediatek.hardware.audio@8.1.so 352161-352181
/system_ext/lib64/vendor.mediatek.hardware.composer_ext@1.0.so 352182-352195
/system_ext/lib64/vendor.mediatek.hardware.lbs@1.0.so 352196-352207
/system_ext/lib64/vendor.mediatek.hardware.log@1.0.so 352208-352219
/system_ext/lib64/vendor.mediatek.hardware.mtkpower@1.0.so 352220-352233
/system_ext/lib64/vendor.mediatek.hardware.mtkpower@1.1.so 352234-352250
/system_ext/lib64/vendor.mediatek.hardware.mtkpower@1.2.so 352251-352268
/system_ext/lib64/vendor.mediatek.hardware.mtkradioex@3.0.so 352269-352527
/system_ext/lib64/vendor.mediatek.hardware.touchll@1.0.so 352528-352535
/system_ext/lib64/vendor.mediatek.hardware.videotelephony@1.0.so 352536-352544
/system_ext/lib64/vendor.transsion.hardware.trancam.trancamserver@1.0.so 352545-352557
/system_ext/priv-app/AppLock/AppLock.apk 352558-353677
/system_ext/priv-app/AppLock/oat/arm64/AppLock.odex 353679-353685
/system_ext/priv-app/AppLock/oat/arm64/AppLock.vdex 353686-353707
/system_ext/priv-app/AppService/AppService.apk 353708-355436
/system_ext/priv-app/AppUpdate/AppUpdate.apk 355439-357655
/system_ext/priv-app/AppUpdate/oat/arm64/AppUpdate.odex 357658-357666
/system_ext/priv-app/AppUpdate/oat/arm64/AppUpdate.vdex 357667-357693
/system_ext/priv-app/ControlTower/ControlTower.apk 357694-357702
/system_ext/priv-app/EmergencyInfoGms/EmergencyInfoGms.apk 357703-358271
/system_ext/priv-app/EmergencyInfoGms/oat/arm64/EmergencyInfoGms.odex 358272-358274
/system_ext/priv-app/EmergencyInfoGms/oat/arm64/EmergencyInfoGms.vdex 358275-358282
/system_ext/priv-app/GoogleFeedback/GoogleFeedback.apk 358283-358369
/system_ext/priv-app/GoogleFeedback/oat/arm64/GoogleFeedback.odex 358370
/system_ext/priv-app/GoogleFeedback/oat/arm64/GoogleFeedback.vdex 358371
/system_ext/priv-app/GoogleServicesFramework/GoogleServicesFramework.apk 358372-359365
/system_ext/priv-app/GoogleServicesFramework/oat/arm64/GoogleServicesFramework.odex 359367-359370
/system_ext/priv-app/GoogleServicesFramework/oat/arm64/GoogleServicesFramework.vdex 359371-359380
/system_ext/priv-app/MtkCarrierConfig/MtkCarrierConfig.apk 359381-359446
/system_ext/priv-app/MtkCarrierConfig/oat/arm64/MtkCarrierConfig.odex 359447
/system_ext/priv-app/MtkSimProcessor/MtkSimProcessor.apk 359448-359464
/system_ext/priv-app/MtkSimProcessor/oat/arm64/MtkSimProcessor.odex 359465
/system_ext/priv-app/Omacp/Omacp.apk 359466-359561
/system_ext/priv-app/Omacp/oat/arm64/Omacp.odex 359562
/system_ext/priv-app/RemoteProvisioner/RemoteProvisioner.apk 359564-359643
/system_ext/priv-app/RemoteProvisioner/oat/arm64/RemoteProvisioner.odex 359644-359645
/system_ext/priv-app/RemoteProvisioner/oat/arm64/RemoteProvisioner.vdex 359646-359647
/system_ext/priv-app/SetupWizard/SetupWizard.apk 359648-360698
/system_ext/priv-app/SetupWizard/oat/arm64/SetupWizard.odex 360701-360705
/system_ext/priv-app/SetupWizard/oat/arm64/SetupWizard.vdex 360706-360720
/system_ext/priv-app/SilverHelper/SilverHelper.apk 360721-362365
/system_ext/priv-app/SmartCaller/SmartCaller.apk 362366-370584
/system_ext/priv-app/SmartCaller/oat/arm64/SmartCaller.odex 370592-377309
/system_ext/priv-app/SmartCaller/oat/arm64/SmartCaller.vdex 377316-377384
/system_ext/priv-app/StorageManager/StorageManager.apk 377385-379345
/system_ext/priv-app/StorageManager/oat/arm64/StorageManager.odex 379348-379352
/system_ext/priv-app/StorageManager/oat/arm64/StorageManager.vdex 379353-379366
/system_ext/priv-app/Tag/Tag.apk 379367-379477
/system_ext/priv-app/Tag/oat/arm64/Tag.odex 379478
/system_ext/priv-app/Tag/oat/arm64/Tag.vdex 379479-379480
/system_ext/priv-app/TranAbe/TranAbe.apk 379481-380020
/system_ext/priv-app/TranAbe/oat/arm64/TranAbe.odex 380021-380023
/system_ext/priv-app/TranAbe/oat/arm64/TranAbe.vdex 380024-380031
/system_ext/priv-app/TranResolver/TranResolver.apk 380032-380587
/system_ext/priv-app/TranSettingsApk/TranSettingsApk.apk 380588-395338
/system_ext/priv-app/TranSystemUI/TranSystemUI.apk 395353-400711
/system_ext/priv-app/TranSystemUI/TranSystemUI.apk.prof 400717-400721
/system_ext/priv-app/TranSystemUI/oat/arm64/TranSystemUI.art 400722-400724
/system_ext/priv-app/TranSystemUI/oat/arm64/TranSystemUI.odex 400725-400736
/system_ext/priv-app/TranSystemUI/oat/arm64/TranSystemUI.vdex 400737-400777
/system_ext/priv-app/Trancare/Trancare.apk 400778-401031
/system_ext/priv-app/Trancare/oat/arm64/Trancare.odex 401032-401034
/system_ext/priv-app/Trancare/oat/arm64/Trancare.vdex 401035-401040
/system_ext/priv-app/TranssionLockQuickTools/TranssionLockQuickTools.apk 401041-401694
/system_ext/priv-app/WallpaperCropper/WallpaperCropper.apk 401695-401716
/system_ext/priv-app/WallpaperCropper/oat/arm64/WallpaperCropper.odex 401717
/system_ext/priv-app/ZaHooc/ZaHooc.apk 401718-404057
